components/chat/ChatInterface.tsx(3,25): error TS2307: Cannot find module 'ai/react' or its corresponding type declarations.
components/chat/ChatInterface.tsx(50,23): error TS7006: Parameter 'm' implicitly has an 'any' type.
lib/gemini/cacheManager.ts(26,7): error TS2322: Type '{ parts: { text: string; }[]; }' is not assignable to type 'string | Part | Content | undefined'.
  Property 'role' is missing in type '{ parts: { text: string; }[]; }' but required in type 'Content'.
lib/gemini/cacheManager.ts(33,28): error TS2345: Argument of type 'string | undefined' is not assignable to parameter of type 'string'.
  Type 'undefined' is not assignable to type 'string'.
